// Jest Snapshot v1, https://goo.gl/fbAQLP

exports[`Weather renders the component properly 1`] = `
<div>
  Weather
</div>
`;
